Change Component Designator: OldDesignator=R? NewDesignator=R5
Change Component Designator: OldDesignator=R? NewDesignator=R6
Change Component Designator: OldDesignator=SW? NewDesignator=SW4
Added Component: Designator=C11(C0603)
Add component (AddParameter): Name = "AddInBom"; Value = "yes"; VariantName = "[No Variations]"
Add component (AddParameter): Name = "ConvertToPcb"; Value = "yes"; VariantName = "[No Variations]"
Add component (AddParameter): Name = "Datasheet"; Value = "https://item.szlcsc.com/datasheet/CC0603KRX7R9BB104/15331.html"; VariantName = "[No Variations]"
Add component (AddParameter): Name = "FootprintName"; Value = "C0603"; VariantName = "[No Variations]"
Add component (AddParameter): Name = "JLCPCB Part Class"; Value = "Basic Part"; VariantName = "[No Variations]"
Add component (AddParameter): Name = "LCSC Part Name"; Value = "100nF ±10% 50V"; VariantName = "[No Variations]"
Add component (AddParameter): Name = "Manufacturer"; Value = "YAGEO(国巨)"; VariantName = "[No Variations]"
Add component (AddParameter): Name = "ManufacturerPart"; Value = "CC0603KRX7R9BB104"; VariantName = "[No Variations]"
Add component (AddParameter): Name = "ModelId"; Value = "ac125912035d415993ca9572d50418b1"; VariantName = "[No Variations]"
Add component (AddParameter): Name = "ModelName"; Value = "C0603_L1.6-W0.8-H0.8"; VariantName = "[No Variations]"
Add component (AddParameter): Name = "ModelTransform"; Value = "62.992,31.496,0,0,0,0,0,0,0"; VariantName = "[No Variations]"
Add component (AddParameter): Name = "Supplier"; Value = "LCSC"; VariantName = "[No Variations]"
Add component (AddParameter): Name = "Supplier Footprint"; Value = "0603"; VariantName = "[No Variations]"
Add component (AddParameter): Name = "SupplierPart"; Value = "C14663"; VariantName = "[No Variations]"
Add component (AddParameter): Name = "Symbol"; Value = "CC0603KRX7R9BB104"; VariantName = "[No Variations]"
Add component (AddParameter): Name = "Temperature Coefficient"; Value = "X7R"; VariantName = "[No Variations]"
Add component (AddParameter): Name = "Tolerance"; Value = "±10%"; VariantName = "[No Variations]"
Add component (AddParameter): Name = "Value"; Value = "100nF"; VariantName = "[No Variations]"
Add component (AddParameter): Name = "Voltage Rating"; Value = "50V"; VariantName = "[No Variations]"
Added Component: Designator=R2(R0603)
Add component (AddParameter): Name = "AddInBom"; Value = "yes"; VariantName = "[No Variations]"
Add component (AddParameter): Name = "ConvertToPcb"; Value = "yes"; VariantName = "[No Variations]"
Add component (AddParameter): Name = "Datasheet"; Value = "https://item.szlcsc.com/datasheet/0603WAF1002T5E/26547.html"; VariantName = "[No Variations]"
Add component (AddParameter): Name = "FootprintName"; Value = "R0603"; VariantName = "[No Variations]"
Add component (AddParameter): Name = "JLCPCB Part Class"; Value = "Basic Part"; VariantName = "[No Variations]"
Add component (AddParameter): Name = "LCSC Part Name"; Value = "厚膜电阻 10kΩ ±1% 100mW"; VariantName = "[No Variations]"
Add component (AddParameter): Name = "Manufacturer"; Value = "UNI-ROYAL(厚声)"; VariantName = "[No Variations]"
Add component (AddParameter): Name = "ManufacturerPart"; Value = "0603WAF1002T5E"; VariantName = "[No Variations]"
Add component (AddParameter): Name = "ModelId"; Value = "fc143cca1e79419f9cd78b61e9279f08"; VariantName = "[No Variations]"
Add component (AddParameter): Name = "ModelName"; Value = "R0603"; VariantName = "[No Variations]"
Add component (AddParameter): Name = "ModelTransform"; Value = "31.8897,63.7794,0,90,0,0,0,0,0"; VariantName = "[No Variations]"
Add component (AddParameter): Name = "Operating Temperature"; Value = "-55℃~+155℃"; VariantName = "[No Variations]"
Add component (AddParameter): Name = "Power(Watts)"; Value = "100mW"; VariantName = "[No Variations]"
Add component (AddParameter): Name = "Supplier"; Value = "LCSC"; VariantName = "[No Variations]"
Add component (AddParameter): Name = "Supplier Footprint"; Value = "0603"; VariantName = "[No Variations]"
Add component (AddParameter): Name = "SupplierPart"; Value = "C25804"; VariantName = "[No Variations]"
Add component (AddParameter): Name = "Symbol"; Value = "0603WAF1002T5E"; VariantName = "[No Variations]"
Add component (AddParameter): Name = "Temperature Coefficient"; Value = "±100ppm/℃"; VariantName = "[No Variations]"
Add component (AddParameter): Name = "Tolerance"; Value = "±1%"; VariantName = "[No Variations]"
Add component (AddParameter): Name = "Type"; Value = "厚膜电阻"; VariantName = "[No Variations]"
Add component (AddParameter): Name = "Value"; Value = "10kΩ"; VariantName = "[No Variations]"
Add component (AddParameter): Name = "Voltage-Supply(Max)"; Value = "75V"; VariantName = "[No Variations]"
Added Component: Designator=R3(R0603)
Add component (AddParameter): Name = "AddInBom"; Value = "yes"; VariantName = "[No Variations]"
Add component (AddParameter): Name = "ConvertToPcb"; Value = "yes"; VariantName = "[No Variations]"
Add component (AddParameter): Name = "Datasheet"; Value = "https://item.szlcsc.com/datasheet/0603WAF1002T5E/26547.html"; VariantName = "[No Variations]"
Add component (AddParameter): Name = "FootprintName"; Value = "R0603"; VariantName = "[No Variations]"
Add component (AddParameter): Name = "JLCPCB Part Class"; Value = "Basic Part"; VariantName = "[No Variations]"
Add component (AddParameter): Name = "LCSC Part Name"; Value = "厚膜电阻 10kΩ ±1% 100mW"; VariantName = "[No Variations]"
Add component (AddParameter): Name = "Manufacturer"; Value = "UNI-ROYAL(厚声)"; VariantName = "[No Variations]"
Add component (AddParameter): Name = "ManufacturerPart"; Value = "0603WAF1002T5E"; VariantName = "[No Variations]"
Add component (AddParameter): Name = "ModelId"; Value = "fc143cca1e79419f9cd78b61e9279f08"; VariantName = "[No Variations]"
Add component (AddParameter): Name = "ModelName"; Value = "R0603"; VariantName = "[No Variations]"
Add component (AddParameter): Name = "ModelTransform"; Value = "31.8897,63.7794,0,90,0,0,0,0,0"; VariantName = "[No Variations]"
Add component (AddParameter): Name = "Operating Temperature"; Value = "-55℃~+155℃"; VariantName = "[No Variations]"
Add component (AddParameter): Name = "Power(Watts)"; Value = "100mW"; VariantName = "[No Variations]"
Add component (AddParameter): Name = "Supplier"; Value = "LCSC"; VariantName = "[No Variations]"
Add component (AddParameter): Name = "Supplier Footprint"; Value = "0603"; VariantName = "[No Variations]"
Add component (AddParameter): Name = "SupplierPart"; Value = "C25804"; VariantName = "[No Variations]"
Add component (AddParameter): Name = "Symbol"; Value = "0603WAF1002T5E"; VariantName = "[No Variations]"
Add component (AddParameter): Name = "Temperature Coefficient"; Value = "±100ppm/℃"; VariantName = "[No Variations]"
Add component (AddParameter): Name = "Tolerance"; Value = "±1%"; VariantName = "[No Variations]"
Add component (AddParameter): Name = "Type"; Value = "厚膜电阻"; VariantName = "[No Variations]"
Add component (AddParameter): Name = "Value"; Value = "10kΩ"; VariantName = "[No Variations]"
Add component (AddParameter): Name = "Voltage-Supply(Max)"; Value = "75V"; VariantName = "[No Variations]"
Added Component: Designator=R4(R0603)
Add component (AddParameter): Name = "AddInBom"; Value = "yes"; VariantName = "[No Variations]"
Add component (AddParameter): Name = "ConvertToPcb"; Value = "yes"; VariantName = "[No Variations]"
Add component (AddParameter): Name = "Datasheet"; Value = "https://item.szlcsc.com/datasheet/0603WAF1002T5E/26547.html"; VariantName = "[No Variations]"
Add component (AddParameter): Name = "FootprintName"; Value = "R0603"; VariantName = "[No Variations]"
Add component (AddParameter): Name = "JLCPCB Part Class"; Value = "Basic Part"; VariantName = "[No Variations]"
Add component (AddParameter): Name = "LCSC Part Name"; Value = "厚膜电阻 10kΩ ±1% 100mW"; VariantName = "[No Variations]"
Add component (AddParameter): Name = "Manufacturer"; Value = "UNI-ROYAL(厚声)"; VariantName = "[No Variations]"
Add component (AddParameter): Name = "ManufacturerPart"; Value = "0603WAF1002T5E"; VariantName = "[No Variations]"
Add component (AddParameter): Name = "ModelId"; Value = "fc143cca1e79419f9cd78b61e9279f08"; VariantName = "[No Variations]"
Add component (AddParameter): Name = "ModelName"; Value = "R0603"; VariantName = "[No Variations]"
Add component (AddParameter): Name = "ModelTransform"; Value = "31.8897,63.7794,0,90,0,0,0,0,0"; VariantName = "[No Variations]"
Add component (AddParameter): Name = "Operating Temperature"; Value = "-55℃~+155℃"; VariantName = "[No Variations]"
Add component (AddParameter): Name = "Power(Watts)"; Value = "100mW"; VariantName = "[No Variations]"
Add component (AddParameter): Name = "Supplier"; Value = "LCSC"; VariantName = "[No Variations]"
Add component (AddParameter): Name = "Supplier Footprint"; Value = "0603"; VariantName = "[No Variations]"
Add component (AddParameter): Name = "SupplierPart"; Value = "C25804"; VariantName = "[No Variations]"
Add component (AddParameter): Name = "Symbol"; Value = "0603WAF1002T5E"; VariantName = "[No Variations]"
Add component (AddParameter): Name = "Temperature Coefficient"; Value = "±100ppm/℃"; VariantName = "[No Variations]"
Add component (AddParameter): Name = "Tolerance"; Value = "±1%"; VariantName = "[No Variations]"
Add component (AddParameter): Name = "Type"; Value = "厚膜电阻"; VariantName = "[No Variations]"
Add component (AddParameter): Name = "Value"; Value = "10kΩ"; VariantName = "[No Variations]"
Add component (AddParameter): Name = "Voltage-Supply(Max)"; Value = "75V"; VariantName = "[No Variations]"
Added Component: Designator=SW1(SW-SMD_4P-L6.0-W6.0-P4.50-LS9.0_H5.0)
Add component (AddParameter): Name = "Actuator Style"; Value = "圆形按钮"; VariantName = "[No Variations]"
Add component (AddParameter): Name = "Actuator/Cap Color"; Value = "黑色"; VariantName = "[No Variations]"
Add component (AddParameter): Name = "AddInBom"; Value = "yes"; VariantName = "[No Variations]"
Add component (AddParameter): Name = "Circuit"; Value = "单刀单掷"; VariantName = "[No Variations]"
Add component (AddParameter): Name = "Contact Current"; Value = "50mA"; VariantName = "[No Variations]"
Add component (AddParameter): Name = "ConvertToPcb"; Value = "yes"; VariantName = "[No Variations]"
Add component (AddParameter): Name = "Datasheet"; Value = "https://item.szlcsc.com/datasheet/KH-6X6X5H-STM/3009601.html"; VariantName = "[No Variations]"
Add component (AddParameter): Name = "FootprintName"; Value = "SW-SMD_4P-L6.0-W6.0-P4.50-LS9.0_H5.0"; VariantName = "[No Variations]"
Add component (AddParameter): Name = "JLCPCB Part Class"; Value = "Extended Part"; VariantName = "[No Variations]"
Add component (AddParameter): Name = "LCSC Part Name"; Value = "6*6*5mm 立贴 轻触开关"; VariantName = "[No Variations]"
Add component (AddParameter): Name = "Length"; Value = "6mm"; VariantName = "[No Variations]"
Add component (AddParameter): Name = "Life"; Value = "8万次"; VariantName = "[No Variations]"
Add component (AddParameter): Name = "Manufacturer"; Value = "kinghelm(金航标)"; VariantName = "[No Variations]"
Add component (AddParameter): Name = "ManufacturerPart"; Value = "KH-6X6X5H-STM"; VariantName = "[No Variations]"
Add component (AddParameter): Name = "ModelId"; Value = "46371efb35684031937580a0045530ec"; VariantName = "[No Variations]"
Add component (AddParameter): Name = "ModelName"; Value = "SW-SMD_4P-L6.0-W6.0-P4.50-LS9.0_H5.0"; VariantName = "[No Variations]"
Add component (AddParameter): Name = "ModelTransform"; Value = "354.33,236.25937,0,0,0,0,0,0,0"; VariantName = "[No Variations]"
Add component (AddParameter): Name = "Mounting Type"; Value = "立贴"; VariantName = "[No Variations]"
Add component (AddParameter): Name = "Supplier"; Value = "LCSC"; VariantName = "[No Variations]"
Add component (AddParameter): Name = "Supplier Footprint"; Value = "SMD-4P,6x6mm"; VariantName = "[No Variations]"
Add component (AddParameter): Name = "SupplierPart"; Value = "C2837531"; VariantName = "[No Variations]"
Add component (AddParameter): Name = "Switch Height"; Value = "5mm"; VariantName = "[No Variations]"
Add component (AddParameter): Name = "Symbol"; Value = "KH-6X6X5H-STM"; VariantName = "[No Variations]"
Add component (AddParameter): Name = "Termination Style"; Value = "鸥翼型"; VariantName = "[No Variations]"
Add component (AddParameter): Name = "Voltage Rating"; Value = "12V"; VariantName = "[No Variations]"
Add component (AddParameter): Name = "Width"; Value = "6mm"; VariantName = "[No Variations]"
Add component (AddParameter): Name = "with Bracket"; Value = "不带支架"; VariantName = "[No Variations]"
Added Component: Designator=SW2(SW-SMD_4P-L6.0-W6.0-P4.50-LS9.0_H5.0)
Add component (AddParameter): Name = "Actuator Style"; Value = "圆形按钮"; VariantName = "[No Variations]"
Add component (AddParameter): Name = "Actuator/Cap Color"; Value = "黑色"; VariantName = "[No Variations]"
Add component (AddParameter): Name = "AddInBom"; Value = "yes"; VariantName = "[No Variations]"
Add component (AddParameter): Name = "Circuit"; Value = "单刀单掷"; VariantName = "[No Variations]"
Add component (AddParameter): Name = "Contact Current"; Value = "50mA"; VariantName = "[No Variations]"
Add component (AddParameter): Name = "ConvertToPcb"; Value = "yes"; VariantName = "[No Variations]"
Add component (AddParameter): Name = "Datasheet"; Value = "https://item.szlcsc.com/datasheet/KH-6X6X5H-STM/3009601.html"; VariantName = "[No Variations]"
Add component (AddParameter): Name = "FootprintName"; Value = "SW-SMD_4P-L6.0-W6.0-P4.50-LS9.0_H5.0"; VariantName = "[No Variations]"
Add component (AddParameter): Name = "JLCPCB Part Class"; Value = "Extended Part"; VariantName = "[No Variations]"
Add component (AddParameter): Name = "LCSC Part Name"; Value = "6*6*5mm 立贴 轻触开关"; VariantName = "[No Variations]"
Add component (AddParameter): Name = "Length"; Value = "6mm"; VariantName = "[No Variations]"
Add component (AddParameter): Name = "Life"; Value = "8万次"; VariantName = "[No Variations]"
Add component (AddParameter): Name = "Manufacturer"; Value = "kinghelm(金航标)"; VariantName = "[No Variations]"
Add component (AddParameter): Name = "ManufacturerPart"; Value = "KH-6X6X5H-STM"; VariantName = "[No Variations]"
Add component (AddParameter): Name = "ModelId"; Value = "46371efb35684031937580a0045530ec"; VariantName = "[No Variations]"
Add component (AddParameter): Name = "ModelName"; Value = "SW-SMD_4P-L6.0-W6.0-P4.50-LS9.0_H5.0"; VariantName = "[No Variations]"
Add component (AddParameter): Name = "ModelTransform"; Value = "354.33,236.25937,0,0,0,0,0,0,0"; VariantName = "[No Variations]"
Add component (AddParameter): Name = "Mounting Type"; Value = "立贴"; VariantName = "[No Variations]"
Add component (AddParameter): Name = "Supplier"; Value = "LCSC"; VariantName = "[No Variations]"
Add component (AddParameter): Name = "Supplier Footprint"; Value = "SMD-4P,6x6mm"; VariantName = "[No Variations]"
Add component (AddParameter): Name = "SupplierPart"; Value = "C2837531"; VariantName = "[No Variations]"
Add component (AddParameter): Name = "Switch Height"; Value = "5mm"; VariantName = "[No Variations]"
Add component (AddParameter): Name = "Symbol"; Value = "KH-6X6X5H-STM"; VariantName = "[No Variations]"
Add component (AddParameter): Name = "Termination Style"; Value = "鸥翼型"; VariantName = "[No Variations]"
Add component (AddParameter): Name = "Voltage Rating"; Value = "12V"; VariantName = "[No Variations]"
Add component (AddParameter): Name = "Width"; Value = "6mm"; VariantName = "[No Variations]"
Add component (AddParameter): Name = "with Bracket"; Value = "不带支架"; VariantName = "[No Variations]"
Added Component: Designator=SW3(SW-SMD_4P-L6.0-W6.0-P4.50-LS9.0_H5.0)
Add component (AddParameter): Name = "Actuator Style"; Value = "圆形按钮"; VariantName = "[No Variations]"
Add component (AddParameter): Name = "Actuator/Cap Color"; Value = "黑色"; VariantName = "[No Variations]"
Add component (AddParameter): Name = "AddInBom"; Value = "yes"; VariantName = "[No Variations]"
Add component (AddParameter): Name = "Circuit"; Value = "单刀单掷"; VariantName = "[No Variations]"
Add component (AddParameter): Name = "Contact Current"; Value = "50mA"; VariantName = "[No Variations]"
Add component (AddParameter): Name = "ConvertToPcb"; Value = "yes"; VariantName = "[No Variations]"
Add component (AddParameter): Name = "Datasheet"; Value = "https://item.szlcsc.com/datasheet/KH-6X6X5H-STM/3009601.html"; VariantName = "[No Variations]"
Add component (AddParameter): Name = "FootprintName"; Value = "SW-SMD_4P-L6.0-W6.0-P4.50-LS9.0_H5.0"; VariantName = "[No Variations]"
Add component (AddParameter): Name = "JLCPCB Part Class"; Value = "Extended Part"; VariantName = "[No Variations]"
Add component (AddParameter): Name = "LCSC Part Name"; Value = "6*6*5mm 立贴 轻触开关"; VariantName = "[No Variations]"
Add component (AddParameter): Name = "Length"; Value = "6mm"; VariantName = "[No Variations]"
Add component (AddParameter): Name = "Life"; Value = "8万次"; VariantName = "[No Variations]"
Add component (AddParameter): Name = "Manufacturer"; Value = "kinghelm(金航标)"; VariantName = "[No Variations]"
Add component (AddParameter): Name = "ManufacturerPart"; Value = "KH-6X6X5H-STM"; VariantName = "[No Variations]"
Add component (AddParameter): Name = "ModelId"; Value = "46371efb35684031937580a0045530ec"; VariantName = "[No Variations]"
Add component (AddParameter): Name = "ModelName"; Value = "SW-SMD_4P-L6.0-W6.0-P4.50-LS9.0_H5.0"; VariantName = "[No Variations]"
Add component (AddParameter): Name = "ModelTransform"; Value = "354.33,236.25937,0,0,0,0,0,0,0"; VariantName = "[No Variations]"
Add component (AddParameter): Name = "Mounting Type"; Value = "立贴"; VariantName = "[No Variations]"
Add component (AddParameter): Name = "Supplier"; Value = "LCSC"; VariantName = "[No Variations]"
Add component (AddParameter): Name = "Supplier Footprint"; Value = "SMD-4P,6x6mm"; VariantName = "[No Variations]"
Add component (AddParameter): Name = "SupplierPart"; Value = "C2837531"; VariantName = "[No Variations]"
Add component (AddParameter): Name = "Switch Height"; Value = "5mm"; VariantName = "[No Variations]"
Add component (AddParameter): Name = "Symbol"; Value = "KH-6X6X5H-STM"; VariantName = "[No Variations]"
Add component (AddParameter): Name = "Termination Style"; Value = "鸥翼型"; VariantName = "[No Variations]"
Add component (AddParameter): Name = "Voltage Rating"; Value = "12V"; VariantName = "[No Variations]"
Add component (AddParameter): Name = "Width"; Value = "6mm"; VariantName = "[No Variations]"
Add component (AddParameter): Name = "with Bracket"; Value = "不带支架"; VariantName = "[No Variations]"
Added Pin To Net: NetName=GND Pin=C11-1
Added Pin To Net: NetName=nRTS Pin=C11-2
Added Pin To Net: NetName=VCC3V3 Pin=R2-1
Added Pin To Net: NetName=nRTS Pin=R2-2
Added Pin To Net: NetName=VCC3V3 Pin=R3-1
Added Pin To Net: NetName=SW_DOWN Pin=R3-2
Added Pin To Net: NetName=VCC3V3 Pin=R4-1
Added Pin To Net: NetName=SW_UP Pin=R4-2
Added Pin To Net: NetName=nRTS Pin=SW1-1
Added Pin To Net: NetName=nRTS Pin=SW1-2
Added Pin To Net: NetName=GND Pin=SW1-3
Added Pin To Net: NetName=GND Pin=SW1-4
Added Pin To Net: NetName=SW_DOWN Pin=SW2-1
Added Pin To Net: NetName=SW_DOWN Pin=SW2-2
Added Pin To Net: NetName=GND Pin=SW2-3
Added Pin To Net: NetName=GND Pin=SW2-4
Added Pin To Net: NetName=SW_UP Pin=SW3-1
Added Pin To Net: NetName=SW_UP Pin=SW3-2
Added Pin To Net: NetName=GND Pin=SW3-3
Added Pin To Net: NetName=GND Pin=SW3-4
Added Member To Class: ClassName=STM32F103Mini-V1 Member=Component C11 100nF
Added Member To Class: ClassName=STM32F103Mini-V1 Member=Component R2 10k
Added Member To Class: ClassName=STM32F103Mini-V1 Member=Component R3 10k
Added Member To Class: ClassName=STM32F103Mini-V1 Member=Component R4 10k
Added Member To Class: ClassName=STM32F103Mini-V1 Member=Component R5 10k
Added Member To Class: ClassName=STM32F103Mini-V1 Member=Component SW1 kh-6x6x5h-stm
Added Member To Class: ClassName=STM32F103Mini-V1 Member=Component SW2 kh-6x6x5h-stm
Added Member To Class: ClassName=STM32F103Mini-V1 Member=Component SW3 kh-6x6x5h-stm
