Added Component: Designator=U?(SOT-223-3_L6.5-W3.4-P2.30-LS7.0-BR)
Add component (AddParameter): Name = "AddInBom"; Value = "yes"; VariantName = "[No Variations]"
Add component (AddParameter): Name = "ConvertToPcb"; Value = "yes"; VariantName = "[No Variations]"
Add component (AddParameter): Name = "Datasheet"; Value = "https://item.szlcsc.com/datasheet/AMS1117-3.3/6652.html"; VariantName = "[No Variations]"
Add component (AddParameter): Name = "Features"; Value = "短路保护；热关断；过流保护"; VariantName = "[No Variations]"
Add component (AddParameter): Name = "FootprintName"; Value = "SOT-223-3_L6.5-W3.4-P2.30-LS7.0-BR"; VariantName = "[No Variations]"
Add component (AddParameter): Name = "JLCPCB Part Class"; Value = "Basic Part"; VariantName = "[No Variations]"
Add component (AddParameter): Name = "LCSC Part Name"; Value = "3.3V 1A 15V"; VariantName = "[No Variations]"
Add component (AddParameter): Name = "Manufacturer"; Value = "Advanced Monolithic Systems"; VariantName = "[No Variations]"
Add component (AddParameter): Name = "ManufacturerPart"; Value = "AMS1117-3.3"; VariantName = "[No Variations]"
Add component (AddParameter): Name = "ModelId"; Value = "925194bf9823436183a3e0b978a8d076"; VariantName = "[No Variations]"
Add component (AddParameter): Name = "ModelName"; Value = "SOT-223-4P_L6.5-W3.5-H1.6-LS7.0-P2.30"; VariantName = "[No Variations]"
Add component (AddParameter): Name = "ModelTransform"; Value = "279.89794,255.905,0,180,0,0,-3.9385,-0.0005,0"; VariantName = "[No Variations]"
Add component (AddParameter): Name = "Noise"; Value = "0.003%Vout"; VariantName = "[No Variations]"
Add component (AddParameter): Name = "Number of Outputs"; Value = "1"; VariantName = "[No Variations]"
Add component (AddParameter): Name = "Operating Temperature"; Value = "-40℃~+125℃"; VariantName = "[No Variations]"
Add component (AddParameter): Name = "Output Configuration"; Value = "正极"; VariantName = "[No Variations]"
Add component (AddParameter): Name = "Output Current"; Value = "1A"; VariantName = "[No Variations]"
Add component (AddParameter): Name = "Output Type"; Value = "固定"; VariantName = "[No Variations]"
Add component (AddParameter): Name = "Output Voltage"; Value = "3.3V"; VariantName = "[No Variations]"
Add component (AddParameter): Name = "Power Supply Rejection Ratio (PSRR)"; Value = "72dB@(120Hz)"; VariantName = "[No Variations]"
Add component (AddParameter): Name = "standby current"; Value = "5mA"; VariantName = "[No Variations]"
Add component (AddParameter): Name = "Supplier"; Value = "LCSC"; VariantName = "[No Variations]"
Add component (AddParameter): Name = "Supplier Footprint"; Value = "SOT-223"; VariantName = "[No Variations]"
Add component (AddParameter): Name = "SupplierPart"; Value = "C6186"; VariantName = "[No Variations]"
Add component (AddParameter): Name = "SymbolName"; Value = "AMS1117-3.3"; VariantName = "[No Variations]"
Add component (AddParameter): Name = "Voltage - Supply"; Value = "15V"; VariantName = "[No Variations]"
Add component (AddParameter): Name = "Voltage Dropout"; Value = "1.1V@(800mA)"; VariantName = "[No Variations]"
Added Member To Class: ClassName=STM32F103Mini-V1 Member=Component U? ams1117-3.3_c6186
