Added Component: Designator=J?(USB-B_TH_USB-B-FEMALE-90)
Add component (AddParameter): Name = "AddInBom"; Value = "yes"; VariantName = "[No Variations]"
Add component (AddParameter): Name = "Connector Type"; Value = "Type-B"; VariantName = "[No Variations]"
Add component (AddParameter): Name = "ConvertToPcb"; Value = "yes"; VariantName = "[No Variations]"
Add component (AddParameter): Name = "Datasheet"; Value = "https://item.szlcsc.com/datasheet/921-111A1010D10200/47396.html"; VariantName = "[No Variations]"
Add component (AddParameter): Name = "Detection color"; Value = "白色"; VariantName = "[No Variations]"
Add component (AddParameter): Name = "FootprintName"; Value = "USB-B_TH_USB-B-FEMALE-90"; VariantName = "[No Variations]"
Add component (AddParameter): Name = "Gender"; Value = "母"; VariantName = "[No Variations]"
Add component (AddParameter): Name = "JLCPCB Part Class"; Value = "Extended Part"; VariantName = "[No Variations]"
Add component (AddParameter): Name = "LCSC Part Name"; Value = "Type-B 母 弯插"; VariantName = "[No Variations]"
Add component (AddParameter): Name = "Length"; Value = "16.3mm"; VariantName = "[No Variations]"
Add component (AddParameter): Name = "Manufacturer"; Value = "精拓金"; VariantName = "[No Variations]"
Add component (AddParameter): Name = "ManufacturerPart"; Value = "921-111A1010D10200"; VariantName = "[No Variations]"
Add component (AddParameter): Name = "ModelId"; Value = "427257db465a432d8a34b597c871403b"; VariantName = "[No Variations]"
Add component (AddParameter): Name = "ModelName"; Value = "USB-B_TH_USB-B-FEMALE-90"; VariantName = "[No Variations]"
Add component (AddParameter): Name = "ModelTransform"; Value = "544.04938,649.605,0,0,0,0,-0.005,-175.199,-118.11"; VariantName = "[No Variations]"
Add component (AddParameter): Name = "Mounting Type"; Value = "弯插"; VariantName = "[No Variations]"
Add component (AddParameter): Name = "Number of Contacts"; Value = "4P"; VariantName = "[No Variations]"
Add component (AddParameter): Name = "Number of Ports"; Value = "1"; VariantName = "[No Variations]"
Add component (AddParameter): Name = "Protocol Standard"; Value = "USB 2.0"; VariantName = "[No Variations]"
Add component (AddParameter): Name = "Supplier"; Value = "LCSC"; VariantName = "[No Variations]"
Add component (AddParameter): Name = "Supplier Footprint"; Value = "插件"; VariantName = "[No Variations]"
Add component (AddParameter): Name = "SupplierPart"; Value = "C46392"; VariantName = "[No Variations]"
Add component (AddParameter): Name = "Symbol"; Value = "USB-B-Female-90"; VariantName = "[No Variations]"
Added Component: Designator=U?(SOP-8_L4.9-W3.9-P1.27-LS6.0-BL)
Add component (AddParameter): Name = "AddInBom"; Value = "yes"; VariantName = "[No Variations]"
Add component (AddParameter): Name = "Applications Function"; Value = "USB转串口"; VariantName = "[No Variations]"
Add component (AddParameter): Name = "ConvertToPcb"; Value = "yes"; VariantName = "[No Variations]"
Add component (AddParameter): Name = "Data Rate"; Value = "2Mbps"; VariantName = "[No Variations]"
Add component (AddParameter): Name = "Datasheet"; Value = "https://item.szlcsc.com/datasheet/CH340N/3390257.html"; VariantName = "[No Variations]"
Add component (AddParameter): Name = "Features"; Value = "可编程波特率；内置时钟发生器；上电复位"; VariantName = "[No Variations]"
Add component (AddParameter): Name = "FootprintName"; Value = "SOP-8_L4.9-W3.9-P1.27-LS6.0-BL"; VariantName = "[No Variations]"
Add component (AddParameter): Name = "JLCPCB Part Class"; Value = "Extended Part"; VariantName = "[No Variations]"
Add component (AddParameter): Name = "LCSC Part Name"; Value = "USB2.0芯片CH340"; VariantName = "[No Variations]"
Add component (AddParameter): Name = "Manufacturer"; Value = "WCH(南京沁恒)"; VariantName = "[No Variations]"
Add component (AddParameter): Name = "ManufacturerPart"; Value = "CH340N"; VariantName = "[No Variations]"
Add component (AddParameter): Name = "ModelId"; Value = "75c24a7891ee4dd6bdac16a7163ff87e"; VariantName = "[No Variations]"
Add component (AddParameter): Name = "ModelName"; Value = "SOP-8_L4.9-W3.9-P1.27-LS6.0-BL-1"; VariantName = "[No Variations]"
Add component (AddParameter): Name = "ModelTransform"; Value = "192.913,236.22,0,0,0,0,-0.393,2.749,0"; VariantName = "[No Variations]"
Add component (AddParameter): Name = "Number of Channels"; Value = "1"; VariantName = "[No Variations]"
Add component (AddParameter): Name = "Operating Temperature"; Value = "-20℃~+70℃"; VariantName = "[No Variations]"
Add component (AddParameter): Name = "Supplier"; Value = "LCSC"; VariantName = "[No Variations]"
Add component (AddParameter): Name = "Supplier Footprint"; Value = "SOP-8"; VariantName = "[No Variations]"
Add component (AddParameter): Name = "SupplierPart"; Value = "C2977777"; VariantName = "[No Variations]"
Add component (AddParameter): Name = "Symbol"; Value = "CH340N_C2977777"; VariantName = "[No Variations]"
Add component (AddParameter): Name = "USB Protocol"; Value = "USB 2.0"; VariantName = "[No Variations]"
Add component (AddParameter): Name = "Voltage - Supply"; Value = "3.3V；5V"; VariantName = "[No Variations]"
Added Member To Class: ClassName=STM32F103Mini-V1 Member=Component J? 921-111a1010d10200
Added Member To Class: ClassName=STM32F103Mini-V1 Member=Component U? CH340N
