Added Component: Designator=H?(HDR-TH_40P-P2.54-V-M-R2-C20-S2.54)
Add component (AddParameter): Name = "AddInBom"; Value = "yes"; VariantName = "[No Variations]"
Add component (AddParameter): Name = "Circluar Pins/Square Pins"; Value = "方针"; VariantName = "[No Variations]"
Add component (AddParameter): Name = "Color"; Value = "黑色"; VariantName = "[No Variations]"
Add component (AddParameter): Name = "Contact Material"; Value = "黄铜"; VariantName = "[No Variations]"
Add component (AddParameter): Name = "Contact Plating"; Value = "-"; VariantName = "[No Variations]"
Add component (AddParameter): Name = "ConvertToPcb"; Value = "yes"; VariantName = "[No Variations]"
Add component (AddParameter): Name = "Current Rating"; Value = "3A"; VariantName = "[No Variations]"
Add component (AddParameter): Name = "Datasheet"; Value = "https://item.szlcsc.com/datasheet/2.54mm%25202*20P%25E7%259B%25B4%25E6%258E%2592%25E9%2592%2588/51992.html"; VariantName = "[No Variations]"
Add component (AddParameter): Name = "FootprintName"; Value = "HDR-TH_40P-P2.54-V-M-R2-C20-S2.54"; VariantName = "[No Variations]"
Add component (AddParameter): Name = "Insulation Height"; Value = "-"; VariantName = "[No Variations]"
Add component (AddParameter): Name = "JLCPCB Part Class"; Value = "Extended Part"; VariantName = "[No Variations]"
Add component (AddParameter): Name = "LCSC Part Name"; Value = "2x20P 间距:2.54mm 方针 直插"; VariantName = "[No Variations]"
Add component (AddParameter): Name = "Length of End Connection Pin"; Value = "3mm"; VariantName = "[No Variations]"
Add component (AddParameter): Name = "Length of Mating Pin"; Value = "6mm"; VariantName = "[No Variations]"
Add component (AddParameter): Name = "Manufacturer"; Value = "BOOMELE(博穆精密)"; VariantName = "[No Variations]"
Add component (AddParameter): Name = "ManufacturerPart"; Value = "2.54mm 2*20P直排针"; VariantName = "[No Variations]"
Add component (AddParameter): Name = "ModelId"; Value = "2f697d2f705a4509bdac70452e51b3cc"; VariantName = "[No Variations]"
Add component (AddParameter): Name = "ModelName"; Value = "HDR-TH_40P-P2.54-M-LI-2X20P"; VariantName = "[No Variations]"
Add component (AddParameter): Name = "ModelTransform"; Value = "1999.996,196.85,0,0,0,0,0,0,-118.11"; VariantName = "[No Variations]"
Add component (AddParameter): Name = "Mounting Type"; Value = "直插"; VariantName = "[No Variations]"
Add component (AddParameter): Name = "Number of Pins"; Value = "40P"; VariantName = "[No Variations]"
Add component (AddParameter): Name = "Number of Rows"; Value = "双排"; VariantName = "[No Variations]"
Add component (AddParameter): Name = "Operating Temperature"; Value = "-40℃~+105℃"; VariantName = "[No Variations]"
Add component (AddParameter): Name = "Pin Structure"; Value = "2x20P"; VariantName = "[No Variations]"
Add component (AddParameter): Name = "Pitch"; Value = "2.54mm"; VariantName = "[No Variations]"
Add component (AddParameter): Name = "Row Spacing"; Value = "2.54mm"; VariantName = "[No Variations]"
Add component (AddParameter): Name = "Supplier"; Value = "LCSC"; VariantName = "[No Variations]"
Add component (AddParameter): Name = "Supplier Footprint"; Value = "插件,P=2.54mm"; VariantName = "[No Variations]"
Add component (AddParameter): Name = "SupplierPart"; Value = "C50980"; VariantName = "[No Variations]"
Add component (AddParameter): Name = "Symbol"; Value = "Header-Male-2.54_2x20"; VariantName = "[No Variations]"
Add component (AddParameter): Name = "Voltage Rating (Max)"; Value = "-"; VariantName = "[No Variations]"
Added Component: Designator=U?(LQFP-48_L7.0-W7.0-P0.50-LS9.0-BL)
Add component (AddParameter): Name = "ADC (Bit)"; Value = "12bit"; VariantName = "[No Variations]"
Add component (AddParameter): Name = "AddInBom"; Value = "yes"; VariantName = "[No Variations]"
Add component (AddParameter): Name = "Applications"; Value = "-"; VariantName = "[No Variations]"
Add component (AddParameter): Name = "ConvertToPcb"; Value = "yes"; VariantName = "[No Variations]"
Add component (AddParameter): Name = "CPU Core"; Value = "ARM-M3"; VariantName = "[No Variations]"
Add component (AddParameter): Name = "CPU Maximum Speed"; Value = "72MHz"; VariantName = "[No Variations]"
Add component (AddParameter): Name = "Datasheet"; Value = "https://item.szlcsc.com/datasheet/STM32F103C8T6/9243.html"; VariantName = "[No Variations]"
Add component (AddParameter): Name = "FootprintName"; Value = "LQFP-48_L7.0-W7.0-P0.50-LS9.0-BL"; VariantName = "[No Variations]"
Add component (AddParameter): Name = "JLCPCB Part Class"; Value = "Extended Part"; VariantName = "[No Variations]"
Add component (AddParameter): Name = "LCSC Part Name"; Value = "主流增强型ARM Cortex-M3 MCU，具有64 KB Flash、72 MHz CPU、电机控制、USB和CAN"; VariantName = "[No Variations]"
Add component (AddParameter): Name = "Manufacturer"; Value = "ST(意法半导体)"; VariantName = "[No Variations]"
Add component (AddParameter): Name = "ManufacturerPart"; Value = "STM32F103C8T6"; VariantName = "[No Variations]"
Add component (AddParameter): Name = "ModelId"; Value = "093be70396ff421eb2cdb946d5311efc"; VariantName = "[No Variations]"
Add component (AddParameter): Name = "ModelName"; Value = "LQFP-48_L7.0-W7.0-H1.4-LS9.0-P0.50"; VariantName = "[No Variations]"
Add component (AddParameter): Name = "ModelTransform"; Value = "354.331,354.331,0,0,0,0,0,0,0"; VariantName = "[No Variations]"
Add component (AddParameter): Name = "Number of I/O"; Value = "37"; VariantName = "[No Variations]"
Add component (AddParameter): Name = "Program Memory Type"; Value = "FLASH"; VariantName = "[No Variations]"
Add component (AddParameter): Name = "Program Storage Size"; Value = "64KB"; VariantName = "[No Variations]"
Add component (AddParameter): Name = "Supplier"; Value = "LCSC"; VariantName = "[No Variations]"
Add component (AddParameter): Name = "Supplier Footprint"; Value = "LQFP-48(7x7)"; VariantName = "[No Variations]"
Add component (AddParameter): Name = "SupplierPart"; Value = "C8734"; VariantName = "[No Variations]"
Add component (AddParameter): Name = "Symbol"; Value = "STM32F103C8T6"; VariantName = "[No Variations]"
Add component (AddParameter): Name = "Voltage - Supply"; Value = "2V~3.6V"; VariantName = "[No Variations]"
Added Component: Designator=X?(CRYSTAL-SMD_L5.0-W3.2)
Add component (AddParameter): Name = "AddInBom"; Value = "yes"; VariantName = "[No Variations]"
Add component (AddParameter): Name = "ConvertToPcb"; Value = "yes"; VariantName = "[No Variations]"
Add component (AddParameter): Name = "Datasheet"; Value = "https://item.szlcsc.com/datasheet/X50328MSB2GI/117214.html"; VariantName = "[No Variations]"
Add component (AddParameter): Name = "FootprintName"; Value = "CRYSTAL-SMD_L5.0-W3.2"; VariantName = "[No Variations]"
Add component (AddParameter): Name = "Frequency Stability"; Value = "±20ppm"; VariantName = "[No Variations]"
Add component (AddParameter): Name = "JLCPCB Part Class"; Value = "Basic Part"; VariantName = "[No Variations]"
Add component (AddParameter): Name = "LCSC Part Name"; Value = "YSX530GA 8MHZ 2P 5032 20PF ±10PPM -40~85℃ (±20PPM)"; VariantName = "[No Variations]"
Add component (AddParameter): Name = "Load Capacitance"; Value = "20pF"; VariantName = "[No Variations]"
Add component (AddParameter): Name = "Manufacturer"; Value = "YXC(扬兴晶振)"; VariantName = "[No Variations]"
Add component (AddParameter): Name = "ManufacturerPart"; Value = "X50328MSB2GI"; VariantName = "[No Variations]"
Add component (AddParameter): Name = "ModelId"; Value = "d7c39c66443246ff83c2003c1e1eb6f1"; VariantName = "[No Variations]"
Add component (AddParameter): Name = "ModelName"; Value = "CRYSTAL-SMD_L5.0-W3.2"; VariantName = "[No Variations]"
Add component (AddParameter): Name = "ModelTransform"; Value = "196.85,125.984,0,0,0,0,0,0,0"; VariantName = "[No Variations]"
Add component (AddParameter): Name = "Normal temperature Frequency Tolerance"; Value = "±10ppm"; VariantName = "[No Variations]"
Add component (AddParameter): Name = "Operating Temperature"; Value = "-40℃~+85℃"; VariantName = "[No Variations]"
Add component (AddParameter): Name = "Supplier"; Value = "LCSC"; VariantName = "[No Variations]"
Add component (AddParameter): Name = "Supplier Footprint"; Value = "SMD5032-2P"; VariantName = "[No Variations]"
Add component (AddParameter): Name = "SupplierPart"; Value = "C115962"; VariantName = "[No Variations]"
Add component (AddParameter): Name = "Symbol"; Value = "X50328MSB2GI"; VariantName = "[No Variations]"
Add component (AddParameter): Name = "Type"; Value = "贴片晶振"; VariantName = "[No Variations]"
Add component (AddParameter): Name = "Value"; Value = "8MHz"; VariantName = "[No Variations]"
Added Pin To Net: NetName=GND Pin=H?-1
Added Pin To Net: NetName=GND Pin=H?-2
Added Pin To Net: NetName=VCC3V3 Pin=H?-35
Added Pin To Net: NetName=VCC3V3 Pin=H?-36
Added Pin To Net: NetName=VCC5V Pin=H?-37
Added Pin To Net: NetName=VCC5V Pin=H?-38
Added Pin To Net: NetName=GND Pin=H?-39
Added Pin To Net: NetName=GND Pin=H?-40
Added Pin To Net: NetName=VCC3V3 Pin=U?-1
Added Pin To Net: NetName=GND Pin=U?-8
Added Pin To Net: NetName=VCC3V3 Pin=U?-9
Added Pin To Net: NetName=GND Pin=U?-23
Added Pin To Net: NetName=VCC3V3 Pin=U?-24
Added Pin To Net: NetName=SWDIO Pin=U?-34
Added Pin To Net: NetName=GND Pin=U?-35
Added Pin To Net: NetName=VCC3V3 Pin=U?-36
Added Pin To Net: NetName=SWCLK Pin=U?-37
Added Pin To Net: NetName=GND Pin=U?-47
Added Pin To Net: NetName=VCC3V3 Pin=U?-48
Added Pin To Net: NetName=BOOT0 Pin=U?-44
Added Net: Name=BOOT0
Added Pin To Net: NetName=nRTS Pin=U?-7
Added Net: Name=nRTS
Added Pin To Net: NetName=OSC32_IN Pin=U?-3
Added Net: Name=OSC32_IN
Added Pin To Net: NetName=OSC32_OUT Pin=U?-4
Added Net: Name=OSC32_OUT
Added Pin To Net: NetName=OSC_IN Pin=U?-5
Added Net: Name=OSC_IN
Added Pin To Net: NetName=OSC_OUT Pin=U?-6
Added Net: Name=OSC_OUT
Added Pin To Net: NetName=PA0 Pin=H?-16
Added Pin To Net: NetName=PA0 Pin=U?-10
Added Net: Name=PA0
Added Pin To Net: NetName=PA1 Pin=H?-17
Added Pin To Net: NetName=PA1 Pin=U?-11
Added Net: Name=PA1
Added Pin To Net: NetName=PA4 Pin=H?-20
Added Pin To Net: NetName=PA4 Pin=U?-14
Added Net: Name=PA4
Added Pin To Net: NetName=PA5 Pin=H?-21
Added Pin To Net: NetName=PA5 Pin=U?-15
Added Net: Name=PA5
Added Pin To Net: NetName=PA6 Pin=H?-22
Added Pin To Net: NetName=PA6 Pin=U?-16
Added Net: Name=PA6
Added Pin To Net: NetName=PA7 Pin=H?-23
Added Pin To Net: NetName=PA7 Pin=U?-17
Added Net: Name=PA7
Added Pin To Net: NetName=PA8 Pin=H?-33
Added Pin To Net: NetName=PA8 Pin=U?-29
Added Net: Name=PA8
Added Pin To Net: NetName=PA11 Pin=H?-5
Added Pin To Net: NetName=PA11 Pin=U?-32
Added Net: Name=PA11
Added Pin To Net: NetName=PA12 Pin=H?-6
Added Pin To Net: NetName=PA12 Pin=U?-33
Added Net: Name=PA12
Added Pin To Net: NetName=PA15 Pin=H?-7
Added Pin To Net: NetName=PA15 Pin=U?-38
Added Net: Name=PA15
Added Pin To Net: NetName=PB0 Pin=H?-24
Added Pin To Net: NetName=PB0 Pin=U?-18
Added Net: Name=PB0
Added Pin To Net: NetName=PB1 Pin=H?-25
Added Pin To Net: NetName=PB1 Pin=U?-19
Added Net: Name=PB1
Added Pin To Net: NetName=PB2 Pin=H?-26
Added Pin To Net: NetName=PB2 Pin=U?-20
Added Net: Name=PB2
Added Pin To Net: NetName=PB3 Pin=H?-8
Added Pin To Net: NetName=PB3 Pin=U?-39
Added Net: Name=PB3
Added Pin To Net: NetName=PB4 Pin=H?-9
Added Pin To Net: NetName=PB4 Pin=U?-40
Added Net: Name=PB4
Added Pin To Net: NetName=PB5 Pin=H?-10
Added Pin To Net: NetName=PB5 Pin=U?-41
Added Net: Name=PB5
Added Pin To Net: NetName=PB8 Pin=H?-13
Added Pin To Net: NetName=PB8 Pin=U?-45
Added Net: Name=PB8
Added Pin To Net: NetName=PB9 Pin=H?-14
Added Pin To Net: NetName=PB9 Pin=U?-46
Added Net: Name=PB9
Added Pin To Net: NetName=PB10 Pin=H?-27
Added Pin To Net: NetName=PB10 Pin=U?-21
Added Net: Name=PB10
Added Pin To Net: NetName=PB11 Pin=H?-28
Added Pin To Net: NetName=PB11 Pin=U?-22
Added Net: Name=PB11
Added Pin To Net: NetName=PB12 Pin=H?-29
Added Pin To Net: NetName=PB12 Pin=U?-25
Added Net: Name=PB12
Added Pin To Net: NetName=PB15 Pin=H?-32
Added Pin To Net: NetName=PB15 Pin=U?-28
Added Net: Name=PB15
Added Pin To Net: NetName=PC13 Pin=H?-15
Added Pin To Net: NetName=PC13 Pin=U?-2
Added Net: Name=PC13
Added Pin To Net: NetName=RXD1 Pin=H?-4
Added Pin To Net: NetName=RXD1 Pin=U?-31
Added Net: Name=RXD1
Added Pin To Net: NetName=RXD2 Pin=H?-19
Added Pin To Net: NetName=RXD2 Pin=U?-13
Added Net: Name=RXD2
Added Pin To Net: NetName=SCL1 Pin=H?-11
Added Pin To Net: NetName=SCL1 Pin=U?-42
Added Net: Name=SCL1
Added Pin To Net: NetName=SDA1 Pin=H?-12
Added Pin To Net: NetName=SDA1 Pin=U?-43
Added Net: Name=SDA1
Added Pin To Net: NetName=SW_DOWN Pin=H?-31
Added Pin To Net: NetName=SW_DOWN Pin=U?-27
Added Net: Name=SW_DOWN
Added Pin To Net: NetName=SW_UP Pin=H?-30
Added Pin To Net: NetName=SW_UP Pin=U?-26
Added Net: Name=SW_UP
Added Pin To Net: NetName=TXD1 Pin=H?-3
Added Pin To Net: NetName=TXD1 Pin=U?-30
Added Net: Name=TXD1
Added Pin To Net: NetName=TXD2 Pin=H?-18
Added Pin To Net: NetName=TXD2 Pin=U?-12
Added Net: Name=TXD2
Added Member To Class: ClassName=STM32F103Mini-V1 Member=Component H? 2.54mm 2*20p直排针
Added Member To Class: ClassName=STM32F103Mini-V1 Member=Component U? STM32F103C8T6
Added Member To Class: ClassName=STM32F103Mini-V1 Member=Component X? x50328msb2gi
