Added Component: Designator=CN?(USB-B_TH_USB-B-FEMALE-90)
Add component (AddParameter): Name = "AddInBom"; Value = "yes"; VariantName = "[No Variations]"
Add component (AddParameter): Name = "Connector Type"; Value = "Type-B"; VariantName = "[No Variations]"
Add component (AddParameter): Name = "ConvertToPcb"; Value = "yes"; VariantName = "[No Variations]"
Add component (AddParameter): Name = "Datasheet"; Value = "https://item.szlcsc.com/datasheet/921-111A1010D10200/47396.html"; VariantName = "[No Variations]"
Add component (AddParameter): Name = "Detection color"; Value = "°×É«"; VariantName = "[No Variations]"
Add component (AddParameter): Name = "FootprintName"; Value = "USB-B_TH_USB-B-FEMALE-90"; VariantName = "[No Variations]"
Add component (AddParameter): Name = "Gender"; Value = "Ä¸"; VariantName = "[No Variations]"
Add component (AddParameter): Name = "JLCPCB Part Class"; Value = "Extended Part"; VariantName = "[No Variations]"
Add component (AddParameter): Name = "LCSC Part Name"; Value = "Type-B Ä¸ Íä²å"; VariantName = "[No Variations]"
Add component (AddParameter): Name = "Length"; Value = "16.3mm"; VariantName = "[No Variations]"
Add component (AddParameter): Name = "Manufacturer"; Value = "¾«ÍØ½ð"; VariantName = "[No Variations]"
Add component (AddParameter): Name = "ManufacturerPart"; Value = "921-111A1010D10200"; VariantName = "[No Variations]"
Add component (AddParameter): Name = "ModelId"; Value = "427257db465a432d8a34b597c871403b"; VariantName = "[No Variations]"
Add component (AddParameter): Name = "ModelName"; Value = "USB-B_TH_USB-B-FEMALE-90"; VariantName = "[No Variations]"
Add component (AddParameter): Name = "ModelTransform"; Value = "544.04938,649.605,0,0,0,0,-0.005,-175.199,-118.11"; VariantName = "[No Variations]"
Add component (AddParameter): Name = "Mounting Type"; Value = "Íä²å"; VariantName = "[No Variations]"
Add component (AddParameter): Name = "Number of Contacts"; Value = "4P"; VariantName = "[No Variations]"
Add component (AddParameter): Name = "Number of Ports"; Value = "1"; VariantName = "[No Variations]"
Add component (AddParameter): Name = "Protocol Standard"; Value = "USB 2.0"; VariantName = "[No Variations]"
Add component (AddParameter): Name = "Supplier"; Value = "LCSC"; VariantName = "[No Variations]"
Add component (AddParameter): Name = "Supplier Footprint"; Value = "²å¼þ"; VariantName = "[No Variations]"
Add component (AddParameter): Name = "SupplierPart"; Value = "C46392"; VariantName = "[No Variations]"
Add component (AddParameter): Name = "Symbol"; Value = "USB-B-Female-90"; VariantName = "[No Variations]"
Added Member To Class: ClassName=STM32F103Mini-V1 Member=Component CN? 921-111a1010d10200
