Added Component: Designator=J?(CONN-TH_4P-P2.50_XH-4A)
Add component (AddParameter): Name = "AddInBom"; Value = "yes"; VariantName = "[No Variations]"
Add component (AddParameter): Name = "Color"; Value = "白色"; VariantName = "[No Variations]"
Add component (AddParameter): Name = "Contact Material"; Value = "-"; VariantName = "[No Variations]"
Add component (AddParameter): Name = "Contact Plating"; Value = "-"; VariantName = "[No Variations]"
Add component (AddParameter): Name = "ConvertToPcb"; Value = "yes"; VariantName = "[No Variations]"
Add component (AddParameter): Name = "Current Rating"; Value = "-"; VariantName = "[No Variations]"
Add component (AddParameter): Name = "Datasheet"; Value = "https://item.szlcsc.com/datasheet/XH-4A/38795.html"; VariantName = "[No Variations]"
Add component (AddParameter): Name = "Flame Retardant Rating"; Value = "-"; VariantName = "[No Variations]"
Add component (AddParameter): Name = "FootprintName"; Value = "CONN-TH_4P-P2.50_XH-4A"; VariantName = "[No Variations]"
Add component (AddParameter): Name = "JLCPCB Part Class"; Value = "Extended Part"; VariantName = "[No Variations]"
Add component (AddParameter): Name = "LCSC Part Name"; Value = "1x4P 间距:2.5mm 直插 系列:XH"; VariantName = "[No Variations]"
Add component (AddParameter): Name = "Manufacturer"; Value = "BOOMELE(博穆精密)"; VariantName = "[No Variations]"
Add component (AddParameter): Name = "ManufacturerPart"; Value = "XH-4A"; VariantName = "[No Variations]"
Add component (AddParameter): Name = "ModelId"; Value = "5fb049f4745545a5b3e6d8e7931866fa"; VariantName = "[No Variations]"
Add component (AddParameter): Name = "ModelName"; Value = "CONN-TH_4P-P2.50_XH-4A"; VariantName = "[No Variations]"
Add component (AddParameter): Name = "ModelTransform"; Value = "492.125,224.409,0,180,0,0,0,17.913,-98.425"; VariantName = "[No Variations]"
Add component (AddParameter): Name = "Mounting Type"; Value = "直插"; VariantName = "[No Variations]"
Add component (AddParameter): Name = "Number of Pins"; Value = "4P"; VariantName = "[No Variations]"
Add component (AddParameter): Name = "Number of PINs Per Row"; Value = "4"; VariantName = "[No Variations]"
Add component (AddParameter): Name = "Number of Rows"; Value = "1"; VariantName = "[No Variations]"
Add component (AddParameter): Name = "Operating Temperature"; Value = "-"; VariantName = "[No Variations]"
Add component (AddParameter): Name = "Pins Structure"; Value = "1x4P"; VariantName = "[No Variations]"
Add component (AddParameter): Name = "Pitch"; Value = "2.5mm"; VariantName = "[No Variations]"
Add component (AddParameter): Name = "Plastic Material"; Value = "-"; VariantName = "[No Variations]"
Add component (AddParameter): Name = "Reference Series"; Value = "XH"; VariantName = "[No Variations]"
Add component (AddParameter): Name = "Row Spacing"; Value = "-"; VariantName = "[No Variations]"
Add component (AddParameter): Name = "Supplementary Features"; Value = "-"; VariantName = "[No Variations]"
Add component (AddParameter): Name = "Supplier"; Value = "LCSC"; VariantName = "[No Variations]"
Add component (AddParameter): Name = "Supplier Footprint"; Value = "插件,P=2.5mm"; VariantName = "[No Variations]"
Add component (AddParameter): Name = "SupplierPart"; Value = "C37815"; VariantName = "[No Variations]"
Add component (AddParameter): Name = "Symbol"; Value = "XH-4A"; VariantName = "[No Variations]"
Add component (AddParameter): Name = "Voltage Rating"; Value = "-"; VariantName = "[No Variations]"
Add component (AddParameter): Name = "X-Length of Bottom Edge on Board (Spacing Line)"; Value = "12.5mm"; VariantName = "[No Variations]"
Add component (AddParameter): Name = "Y-Width of Bottom Edge on Board"; Value = "5.8mm"; VariantName = "[No Variations]"
Add component (AddParameter): Name = "Z-Height of the Board"; Value = "7mm"; VariantName = "[No Variations]"
Added Member To Class: ClassName=STM32F103Mini-V1 Member=Component J? XH-4A
